// Jest Snapshot v1, https://goo.gl/fbAQLP

exports[`Withdraw Bank Notes Component shoud render withdrawbanknotes component properly 1`] = `
<div
  className="WithdrawBankNotes"
>
  <ul />
</div>
`;
